#
# There is insufficient memory for the Java Runtime Environment to continue.
# Native memory allocation (malloc) failed to allocate 1792752 bytes. Error detail: Chunk::new
# Possible reasons:
#   The system is out of physical RAM or swap space
#   This process is running with CompressedOops enabled, and the Java Heap may be blocking the growth of the native heap
# Possible solutions:
#   Reduce memory load on the system
#   Increase physical memory or swap space
#   Check if swap backing store is full
#   Decrease Java heap size (-Xmx/-Xms)
#   Decrease number of Java threads
#   Decrease Java thread stack sizes (-Xss)
#   Set larger code cache with -XX:ReservedCodeCacheSize=
#   JVM is running with Zero Based Compressed Oops mode in which the Java heap is
#     placed in the first 32GB address space. The Java Heap base address is the
#     maximum limit for the native heap growth. Please use -XX:HeapBaseMinAddress
#     to set the Java Heap base and to place the Java Heap above 32GB virtual address.
# This output file may be truncated or incomplete.
#
#  Out of Memory Error (arena.cpp:191), pid=30796, tid=15628
#
# JRE version: OpenJDK Runtime Environment Microsoft-14940689 (17.0.20.1+1) (build 17.0.20.1+1-LTS)
# Java VM: OpenJDK 64-Bit Server VM Microsoft-14940689 (17.0.20.1+1-LTS, mixed mode, sharing, tiered, compressed oops, compressed class ptrs, g1 gc, windows-amd64)
# No core dump will be written. Minidumps are not enabled by default on client versions of Windows
#

---------------  S U M M A R Y ------------

Command Line: org.jetbrains.kotlin.cli.jvm.K2JVMCompiler @D:\holkar science clg indore\student-mobile-app\node_modules\expo-modules-core\android\build\20261001_16462893278014355248.compiler.options

Host: 12th Gen Intel(R) Core(TM) i7-12650H, 16 cores, 15G,  Windows 11 , 64 bit Build 26100 (10.0.26100.9549)
Time: Thu Oct  1 19:15:22 2026 India Standard Time elapsed time: 9.939084 seconds (0d 0h 0m 9s)

---------------  T H R E A D  ---------------

Current thread (0x000002479c8fc990):  JavaThread "C2 CompilerThread1" daemon [_thread_in_native, id=15628, stack(0x0000006c0f900000,0x0000006c0fa00000)]


Current CompileTask:
C2:9939 12508       4       org.jetbrains.org.objectweb.asm.ClassReader::readMethod (1093 bytes)

Stack: [0x0000006c0f900000,0x0000006c0fa00000]
Native frames: (J=compiled Java code, j=interpreted, Vv=VM code, C=native code)
V  [jvm.dll+0x68d159]  (no source info available)
V  [jvm.dll+0x8462c9]  (no source info available)
V  [jvm.dll+0x84803b]  (no source info available)
V  [jvm.dll+0x8486c3]  (no source info available)
V  [jvm.dll+0x24d12f]  (no source info available)
V  [jvm.dll+0xaed56]  (no source info available)
V  [jvm.dll+0xaf3fc]  (no source info available)
V  [jvm.dll+0x37193e]  (no source info available)
V  [jvm.dll+0x33bb95]  (no source info available)
V  [jvm.dll+0x33affa]  (no source info available)
V  [jvm.dll+0x21e039]  (no source info available)
V  [jvm.dll+0x21d482]  (no source info available)
V  [jvm.dll+0x1a8db6]  (no source info available)
V  [jvm.dll+0x22dcdb]  (no source info available)
V  [jvm.dll+0x22be66]  (no source info available)
V  [jvm.dll+0x7fc40b]  (no source info available)
V  [jvm.dll+0x7f67dc]  (no source info available)
V  [jvm.dll+0x68e6f7]  (no source info available)
C  [ucrtbase.dll+0x2cd30]  (no source info available)
C  [KERNEL32.DLL+0x2cdf7]  (no source info available)
C  [ntdll.dll+0x7ee4c]  (no source info available)


---------------  P R O C E S S  ---------------

Threads class SMR info:
_java_thread_list=0x0000024756bbc830, length=16, elements={
0x00000247328a6000, 0x00000247561cdd80, 0x00000247561ce460, 0x00000247561e54b0,
0x00000247561e7a90, 0x00000247561e9490, 0x00000247561ee890, 0x00000247562000e0,
0x0000024756217bf0, 0x000002475621a930, 0x000002475632e230, 0x000002475633e260,
0x000002475633fdc0, 0x000002475676f400, 0x0000024756766b30, 0x000002479c8fc990
}

Java Threads: ( => current thread )
  0x00000247328a6000 JavaThread "main" [_thread_in_Java, id=30332, stack(0x0000006c0e500000,0x0000006c0e600000)]
  0x00000247561cdd80 JavaThread "Reference Handler" daemon [_thread_blocked, id=30916, stack(0x0000006c0ec00000,0x0000006c0ed00000)]
  0x00000247561ce460 JavaThread "Finalizer" daemon [_thread_blocked, id=13280, stack(0x0000006c0ed00000,0x0000006c0ee00000)]
  0x00000247561e54b0 JavaThread "Signal Dispatcher" daemon [_thread_blocked, id=29216, stack(0x0000006c0ee00000,0x0000006c0ef00000)]
  0x00000247561e7a90 JavaThread "Attach Listener" daemon [_thread_blocked, id=10532, stack(0x0000006c0ef00000,0x0000006c0f000000)]
  0x00000247561e9490 JavaThread "Service Thread" daemon [_thread_blocked, id=31120, stack(0x0000006c0f000000,0x0000006c0f100000)]
  0x00000247561ee890 JavaThread "Monitor Deflation Thread" daemon [_thread_blocked, id=9528, stack(0x0000006c0f100000,0x0000006c0f200000)]
  0x00000247562000e0 JavaThread "C2 CompilerThread0" daemon [_thread_in_native, id=25676, stack(0x0000006c0f200000,0x0000006c0f300000)]
  0x0000024756217bf0 JavaThread "C1 CompilerThread0" daemon [_thread_blocked, id=14824, stack(0x0000006c0f300000,0x0000006c0f400000)]
  0x000002475621a930 JavaThread "Sweeper thread" daemon [_thread_blocked, id=13000, stack(0x0000006c0f400000,0x0000006c0f500000)]
  0x000002475632e230 JavaThread "C1 CompilerThread1" daemon [_thread_blocked, id=15272, stack(0x0000006c0f500000,0x0000006c0f600000)]
  0x000002475633e260 JavaThread "Notification Thread" daemon [_thread_blocked, id=23336, stack(0x0000006c0f600000,0x0000006c0f700000)]
  0x000002475633fdc0 JavaThread "Common-Cleaner" daemon [_thread_blocked, id=1388, stack(0x0000006c0f800000,0x0000006c0f900000)]
  0x000002475676f400 JavaThread "C1 CompilerThread2" daemon [_thread_blocked, id=11380, stack(0x0000006c0fa00000,0x0000006c0fb00000)]
  0x0000024756766b30 JavaThread "C1 CompilerThread3" daemon [_thread_in_vm, id=10776, stack(0x0000006c0fb00000,0x0000006c0fc00000)]
=>0x000002479c8fc990 JavaThread "C2 CompilerThread1" daemon [_thread_in_native, id=15628, stack(0x0000006c0f900000,0x0000006c0fa00000)]

Other Threads:
  0x0000024755d7e670 VMThread "VM Thread" [stack: 0x0000006c0eb00000,0x0000006c0ec00000] [id=3796]
  0x000002475633f560 WatcherThread [stack: 0x0000006c0f700000,0x0000006c0f800000] [id=20492]
  0x0000024732915ad0 GCTaskThread "GC Thread#0" [stack: 0x0000006c0e600000,0x0000006c0e700000] [id=30964]
  0x00000247565586d0 GCTaskThread "GC Thread#1" [stack: 0x0000006c0fc00000,0x0000006c0fd00000] [id=8352]
  0x0000024756556d80 GCTaskThread "GC Thread#2" [stack: 0x0000006c0fd00000,0x0000006c0fe00000] [id=28844]
  0x00000247565578c0 GCTaskThread "GC Thread#3" [stack: 0x0000006c0fe00000,0x0000006c0ff00000] [id=24368]
  0x0000024756557050 GCTaskThread "GC Thread#4" [stack: 0x0000006c0ff00000,0x0000006c10000000] [id=30840]
  0x0000024756557320 GCTaskThread "GC Thread#5" [stack: 0x0000006c10000000,0x0000006c10100000] [id=12092]
  0x0000024756557e60 GCTaskThread "GC Thread#6" [stack: 0x0000006c10400000,0x0000006c10500000] [id=29432]
  0x0000024756cc4200 GCTaskThread "GC Thread#7" [stack: 0x0000006c10500000,0x0000006c10600000] [id=22576]
  0x0000024756cc33f0 GCTaskThread "GC Thread#8" [stack: 0x0000006c10600000,0x0000006c10700000] [id=22964]
  0x0000024756cc28b0 GCTaskThread "GC Thread#9" [stack: 0x0000006c10100000,0x0000006c10200000] [id=4244]
  0x0000024756cc63c0 GCTaskThread "GC Thread#10" [stack: 0x0000006c10200000,0x0000006c10300000] [id=31200]
  0x000002479c311040 GCTaskThread "GC Thread#11" [stack: 0x0000006c10b00000,0x0000006c10c00000] [id=24052]
  0x000002479c30ebb0 GCTaskThread "GC Thread#12" [stack: 0x0000006c10c00000,0x0000006c10d00000] [id=15324]
  0x0000024732926500 ConcurrentGCThread "G1 Main Marker" [stack: 0x0000006c0e700000,0x0000006c0e800000] [id=20472]
  0x0000024732927bf0 ConcurrentGCThread "G1 Conc#0" [stack: 0x0000006c0e800000,0x0000006c0e900000] [id=22116]
  0x0000024756cc4a70 ConcurrentGCThread "G1 Conc#1" [stack: 0x0000006c10300000,0x0000006c10400000] [id=8212]
  0x0000024756cc44d0 ConcurrentGCThread "G1 Conc#2" [stack: 0x0000006c10a00000,0x0000006c10b00000] [id=24012]
  0x000002473295ec00 ConcurrentGCThread "G1 Refine#0" [stack: 0x0000006c0e900000,0x0000006c0ea00000] [id=25836]
  0x000002479de8db30 ConcurrentGCThread "G1 Refine#1" [stack: 0x0000006c10700000,0x0000006c10800000] [id=24252]
  0x000002479de8e640 ConcurrentGCThread "G1 Refine#2" [stack: 0x0000006c10800000,0x0000006c10900000] [id=28080]
  0x000002479de8f150 ConcurrentGCThread "G1 Refine#3" [stack: 0x0000006c10900000,0x0000006c10a00000] [id=15484]
  0x0000024755c43ec0 ConcurrentGCThread "G1 Service" [stack: 0x0000006c0ea00000,0x0000006c0eb00000] [id=4364]

Threads with active compile tasks:
C2 CompilerThread0  9951 12517       4       org.jetbrains.kotlin.fir.FirVisibilityChecker::isVisible (310 bytes)
C2 CompilerThread1  9952 12508       4       org.jetbrains.org.objectweb.asm.ClassReader::readMethod (1093 bytes)

VM state: not at safepoint (normal execution)

VM Mutex/Monitor currently owned by a thread: None

Heap address: 0x0000000705200000, size: 4014 MB, Compressed Oops mode: Zero based, Oop shift amount: 3

CDS archive(s) mapped at: [0x0000024757000000-0x0000024757bb0000-0x0000024757bb0000), size 12255232, SharedBaseAddress: 0x0000024757000000, ArchiveRelocationMode: 1.
Compressed class space mapped at: 0x0000024758000000-0x0000024798000000, reserved size: 1073741824
Narrow klass base: 0x0000024757000000, Narrow klass shift: 0, Narrow klass range: 0x100000000

GC Precious Log:
 CPUs: 16 total, 16 available
 Memory: 16051M
 Large Page Support: Disabled
 NUMA Support: Disabled
 Compressed Oops: Enabled (Zero based)
 Heap Region Size: 2M
 Heap Min Capacity: 8M
 Heap Initial Capacity: 252M
 Heap Max Capacity: 4014M
 Pre-touch: Disabled
 Parallel Workers: 13
 Concurrent Workers: 3
 Concurrent Refinement Workers: 13
 Periodic GC: Disabled

Heap:
 garbage-first heap   total 438272K, used 112000K [0x0000000705200000, 0x0000000800000000)
  region size 2048K, 12 young (24576K), 2 survivors (4096K)
 Metaspace       used 58160K, committed 58496K, reserved 1114112K
  class space    used 6500K, committed 6656K, reserved 1048576K

Heap Regions: E=young(eden), S=young(survivor), O=old, HS=humongous(starts), HC=humongous(continues), CS=collection set, F=free, OA=open archive, CA=closed archive, TAMS=top-at-mark-start (previous, next)
|   0|0x0000000705200000, 0x0000000705400000, 0x0000000705400000|100%|HS|  |TAMS 0x0000000705400000, 0x0000000705200000| Complete 
|   1|0x0000000705400000, 0x0000000705600000, 0x0000000705600000|100%|HC|  |TAMS 0x0000000705600000, 0x0000000705400000| Complete 
|   2|0x0000000705600000, 0x0000000705800000, 0x0000000705800000|100%| O|  |TAMS 0x0000000705800000, 0x0000000705600000| Untracked 
|   3|0x0000000705800000, 0x0000000705a00000, 0x0000000705a00000|100%| O|  |TAMS 0x0000000705a00000, 0x0000000705800000| Untracked 
|   4|0x0000000705a00000, 0x0000000705c00000, 0x0000000705c00000|100%| O|  |TAMS 0x0000000705c00000, 0x0000000705a00000| Untracked 
|   5|0x0000000705c00000, 0x0000000705e00000, 0x0000000705e00000|100%| O|  |TAMS 0x0000000705e00000, 0x0000000705c00000| Untracked 
|   6|0x0000000705e00000, 0x0000000706000000, 0x0000000706000000|100%| O|  |TAMS 0x0000000706000000, 0x0000000705e00000| Untracked 
|   7|0x0000000706000000, 0x0000000706200000, 0x0000000706200000|100%| O|  |TAMS 0x0000000706200000, 0x0000000706000000| Untracked 
|   8|0x0000000706200000, 0x0000000706400000, 0x0000000706400000|100%| O|  |TAMS 0x0000000706400000, 0x0000000706200000| Untracked 
|   9|0x0000000706400000, 0x0000000706600000, 0x0000000706600000|100%| O|  |TAMS 0x0000000706600000, 0x0000000706400000| Untracked 
|  10|0x0000000706600000, 0x0000000706600000, 0x0000000706800000|  0%| F|  |TAMS 0x0000000706600000, 0x0000000706600000| Untracked 
|  11|0x0000000706800000, 0x0000000706a00000, 0x0000000706a00000|100%| O|  |TAMS 0x0000000706a00000, 0x0000000706800000| Untracked 
|  12|0x0000000706a00000, 0x0000000706c00000, 0x0000000706c00000|100%| O|  |TAMS 0x0000000706c00000, 0x0000000706a00000| Untracked 
|  13|0x0000000706c00000, 0x0000000706e00000, 0x0000000706e00000|100%| O|  |TAMS 0x0000000706e00000, 0x0000000706c00000| Untracked 
|  14|0x0000000706e00000, 0x0000000707000000, 0x0000000707000000|100%| O|  |TAMS 0x0000000707000000, 0x0000000706e00000| Untracked 
|  15|0x0000000707000000, 0x0000000707200000, 0x0000000707200000|100%| O|  |TAMS 0x0000000707200000, 0x0000000707000000| Untracked 
|  16|0x0000000707200000, 0x0000000707400000, 0x0000000707400000|100%| O|  |TAMS 0x0000000707400000, 0x0000000707200000| Untracked 
|  17|0x0000000707400000, 0x0000000707600000, 0x0000000707600000|100%| O|  |TAMS 0x0000000707600000, 0x0000000707400000| Untracked 
|  18|0x0000000707600000, 0x0000000707800000, 0x0000000707800000|100%| O|  |TAMS 0x0000000707800000, 0x0000000707600000| Untracked 
|  19|0x0000000707800000, 0x0000000707a00000, 0x0000000707a00000|100%| O|  |TAMS 0x0000000707a00000, 0x0000000707800000| Untracked 
|  20|0x0000000707a00000, 0x0000000707c00000, 0x0000000707c00000|100%| O|  |TAMS 0x0000000707c00000, 0x0000000707a00000| Untracked 
|  21|0x0000000707c00000, 0x0000000707e00000, 0x0000000707e00000|100%| O|  |TAMS 0x0000000707e00000, 0x0000000707c00000| Untracked 
|  22|0x0000000707e00000, 0x0000000708000000, 0x0000000708000000|100%| O|  |TAMS 0x0000000707e00000, 0x0000000707e00000| Untracked 
|  23|0x0000000708000000, 0x0000000708200000, 0x0000000708200000|100%| O|  |TAMS 0x0000000708200000, 0x0000000708000000| Untracked 
|  24|0x0000000708200000, 0x0000000708400000, 0x0000000708400000|100%| O|  |TAMS 0x0000000708400000, 0x0000000708200000| Untracked 
|  25|0x0000000708400000, 0x0000000708600000, 0x0000000708600000|100%| O|  |TAMS 0x0000000708600000, 0x0000000708400000| Untracked 
|  26|0x0000000708600000, 0x0000000708800000, 0x0000000708800000|100%| O|  |TAMS 0x0000000708800000, 0x0000000708600000| Untracked 
|  27|0x0000000708800000, 0x0000000708a00000, 0x0000000708a00000|100%| O|  |TAMS 0x0000000708a00000, 0x0000000708800000| Untracked 
|  28|0x0000000708a00000, 0x0000000708c00000, 0x0000000708c00000|100%| O|  |TAMS 0x0000000708c00000, 0x0000000708a00000| Untracked 
|  29|0x0000000708c00000, 0x0000000708e00000, 0x0000000708e00000|100%| O|  |TAMS 0x0000000708e00000, 0x0000000708c00000| Untracked 
|  30|0x0000000708e00000, 0x0000000709000000, 0x0000000709000000|100%| O|  |TAMS 0x0000000709000000, 0x0000000708e00000| Untracked 
|  31|0x0000000709000000, 0x0000000709200000, 0x0000000709200000|100%| O|  |TAMS 0x0000000709200000, 0x0000000709000000| Untracked 
|  32|0x0000000709200000, 0x0000000709400000, 0x0000000709400000|100%| O|  |TAMS 0x0000000709400000, 0x0000000709200000| Untracked 
|  33|0x0000000709400000, 0x0000000709600000, 0x0000000709600000|100%| O|  |TAMS 0x0000000709600000, 0x0000000709400000| Untracked 
|  34|0x0000000709600000, 0x0000000709800000, 0x0000000709800000|100%| O|  |TAMS 0x0000000709800000, 0x0000000709600000| Untracked 
|  35|0x0000000709800000, 0x0000000709a00000, 0x0000000709a00000|100%| O|  |TAMS 0x0000000709a00000, 0x0000000709800000| Untracked 
|  36|0x0000000709a00000, 0x0000000709c00000, 0x0000000709c00000|100%| O|  |TAMS 0x0000000709c00000, 0x0000000709a00000| Untracked 
|  37|0x0000000709c00000, 0x0000000709e00000, 0x0000000709e00000|100%| O|  |TAMS 0x0000000709e00000, 0x0000000709c00000| Untracked 
|  38|0x0000000709e00000, 0x000000070a000000, 0x000000070a000000|100%| O|  |TAMS 0x000000070a000000, 0x0000000709e00000| Untracked 
|  39|0x000000070a000000, 0x000000070a200000, 0x000000070a200000|100%| O|  |TAMS 0x000000070a200000, 0x000000070a000000| Untracked 
|  40|0x000000070a200000, 0x000000070a400000, 0x000000070a400000|100%| O|  |TAMS 0x000000070a400000, 0x000000070a200000| Untracked 
|  41|0x000000070a400000, 0x000000070a600000, 0x000000070a600000|100%| O|  |TAMS 0x000000070a600000, 0x000000070a400000| Untracked 
|  42|0x000000070a600000, 0x000000070a800000, 0x000000070a800000|100%| O|  |TAMS 0x000000070a800000, 0x000000070a600000| Untracked 
|  43|0x000000070a800000, 0x000000070aa00000, 0x000000070aa00000|100%| O|  |TAMS 0x000000070a9c7000, 0x000000070a800000| Untracked 
|  44|0x000000070aa00000, 0x000000070ac00000, 0x000000070ac00000|100%| O|  |TAMS 0x000000070aa00000, 0x000000070aa00000| Untracked 
|  45|0x000000070ac00000, 0x000000070ace3a00, 0x000000070ae00000| 44%| O|  |TAMS 0x000000070ac00000, 0x000000070ac00000| Untracked 
|  46|0x000000070ae00000, 0x000000070ae00000, 0x000000070b000000|  0%| F|  |TAMS 0x000000070ae00000, 0x000000070ae00000| Untracked 
|  47|0x000000070b000000, 0x000000070b000000, 0x000000070b200000|  0%| F|  |TAMS 0x000000070b000000, 0x000000070b000000| Untracked 
|  48|0x000000070b200000, 0x000000070b200000, 0x000000070b400000|  0%| F|  |TAMS 0x000000070b200000, 0x000000070b200000| Untracked 
|  49|0x000000070b400000, 0x000000070b400000, 0x000000070b600000|  0%| F|  |TAMS 0x000000070b400000, 0x000000070b400000| Untracked 
|  50|0x000000070b600000, 0x000000070b600000, 0x000000070b800000|  0%| F|  |TAMS 0x000000070b600000, 0x000000070b600000| Untracked 
|  51|0x000000070b800000, 0x000000070b800000, 0x000000070ba00000|  0%| F|  |TAMS 0x000000070b800000, 0x000000070b800000| Untracked 
|  52|0x000000070ba00000, 0x000000070ba00000, 0x000000070bc00000|  0%| F|  |TAMS 0x000000070ba00000, 0x000000070ba00000| Untracked 
|  53|0x000000070bc00000, 0x000000070bc00000, 0x000000070be00000|  0%| F|  |TAMS 0x000000070bc00000, 0x000000070bc00000| Untracked 
|  54|0x000000070be00000, 0x000000070be00000, 0x000000070c000000|  0%| F|  |TAMS 0x000000070be00000, 0x000000070be00000| Untracked 
|  55|0x000000070c000000, 0x000000070c000000, 0x000000070c200000|  0%| F|  |TAMS 0x000000070c000000, 0x000000070c000000| Untracked 
|  56|0x000000070c200000, 0x000000070c200000, 0x000000070c400000|  0%| F|  |TAMS 0x000000070c200000, 0x000000070c200000| Untracked 
|  57|0x000000070c400000, 0x000000070c400000, 0x000000070c600000|  0%| F|  |TAMS 0x000000070c400000, 0x000000070c400000| Untracked 
|  58|0x000000070c600000, 0x000000070c600000, 0x000000070c800000|  0%| F|  |TAMS 0x000000070c600000, 0x000000070c600000| Untracked 
|  59|0x000000070c800000, 0x000000070c87c768, 0x000000070ca00000| 24%| S|CS|TAMS 0x000000070c800000, 0x000000070c800000| Complete 
|  60|0x000000070ca00000, 0x000000070ca00000, 0x000000070cc00000|  0%| F|  |TAMS 0x000000070ca00000, 0x000000070ca00000| Untracked 
|  61|0x000000070cc00000, 0x000000070ce00000, 0x000000070ce00000|100%| S|CS|TAMS 0x000000070cc00000, 0x000000070cc00000| Complete 
|  62|0x000000070ce00000, 0x000000070ce00000, 0x000000070d000000|  0%| F|  |TAMS 0x000000070ce00000, 0x000000070ce00000| Untracked 
|  63|0x000000070d000000, 0x000000070d000000, 0x000000070d200000|  0%| F|  |TAMS 0x000000070d000000, 0x000000070d000000| Untracked 
|  64|0x000000070d200000, 0x000000070d200000, 0x000000070d400000|  0%| F|  |TAMS 0x000000070d200000, 0x000000070d200000| Untracked 
|  65|0x000000070d400000, 0x000000070d400000, 0x000000070d600000|  0%| F|  |TAMS 0x000000070d400000, 0x000000070d400000| Untracked 
|  66|0x000000070d600000, 0x000000070d600000, 0x000000070d800000|  0%| F|  |TAMS 0x000000070d600000, 0x000000070d600000| Untracked 
|  67|0x000000070d800000, 0x000000070d800000, 0x000000070da00000|  0%| F|  |TAMS 0x000000070d800000, 0x000000070d800000| Untracked 
|  68|0x000000070da00000, 0x000000070da00000, 0x000000070dc00000|  0%| F|  |TAMS 0x000000070da00000, 0x000000070da00000| Untracked 
|  69|0x000000070dc00000, 0x000000070dc00000, 0x000000070de00000|  0%| F|  |TAMS 0x000000070dc00000, 0x000000070dc00000| Untracked 
|  70|0x000000070de00000, 0x000000070de00000, 0x000000070e000000|  0%| F|  |TAMS 0x000000070de00000, 0x000000070de00000| Untracked 
|  71|0x000000070e000000, 0x000000070e000000, 0x000000070e200000|  0%| F|  |TAMS 0x000000070e000000, 0x000000070e000000| Untracked 
|  72|0x000000070e200000, 0x000000070e200000, 0x000000070e400000|  0%| F|  |TAMS 0x000000070e200000, 0x000000070e200000| Untracked 
|  73|0x000000070e400000, 0x000000070e400000, 0x000000070e600000|  0%| F|  |TAMS 0x000000070e400000, 0x000000070e400000| Untracked 
|  74|0x000000070e600000, 0x000000070e600000, 0x000000070e800000|  0%| F|  |TAMS 0x000000070e600000, 0x000000070e600000| Untracked 
|  75|0x000000070e800000, 0x000000070e800000, 0x000000070ea00000|  0%| F|  |TAMS 0x000000070e800000, 0x000000070e800000| Untracked 
|  76|0x000000070ea00000, 0x000000070ea00000, 0x000000070ec00000|  0%| F|  |TAMS 0x000000070ea00000, 0x000000070ea00000| Untracked 
|  77|0x000000070ec00000, 0x000000070ec00000, 0x000000070ee00000|  0%| F|  |TAMS 0x000000070ec00000, 0x000000070ec00000| Untracked 
|  78|0x000000070ee00000, 0x000000070ee00000, 0x000000070f000000|  0%| F|  |TAMS 0x000000070ee00000, 0x000000070ee00000| Untracked 
|  79|0x000000070f000000, 0x000000070f000000, 0x000000070f200000|  0%| F|  |TAMS 0x000000070f000000, 0x000000070f000000| Untracked 
|  80|0x000000070f200000, 0x000000070f200000, 0x000000070f400000|  0%| F|  |TAMS 0x000000070f200000, 0x000000070f200000| Untracked 
|  81|0x000000070f400000, 0x000000070f400000, 0x000000070f600000|  0%| F|  |TAMS 0x000000070f400000, 0x000000070f400000| Untracked 
|  82|0x000000070f600000, 0x000000070f600000, 0x000000070f800000|  0%| F|  |TAMS 0x000000070f600000, 0x000000070f600000| Untracked 
|  83|0x000000070f800000, 0x000000070f800000, 0x000000070fa00000|  0%| F|  |TAMS 0x000000070f800000, 0x000000070f800000| Untracked 
|  84|0x000000070fa00000, 0x000000070fa00000, 0x000000070fc00000|  0%| F|  |TAMS 0x000000070fa00000, 0x000000070fa00000| Untracked 
|  85|0x000000070fc00000, 0x000000070fc00000, 0x000000070fe00000|  0%| F|  |TAMS 0x000000070fc00000, 0x000000070fc00000| Untracked 
|  86|0x000000070fe00000, 0x000000070fe00000, 0x0000000710000000|  0%| F|  |TAMS 0x000000070fe00000, 0x000000070fe00000| Untracked 
|  87|0x0000000710000000, 0x0000000710000000, 0x0000000710200000|  0%| F|  |TAMS 0x0000000710000000, 0x0000000710000000| Untracked 
|  88|0x0000000710200000, 0x0000000710200000, 0x0000000710400000|  0%| F|  |TAMS 0x0000000710200000, 0x0000000710200000| Untracked 
|  89|0x0000000710400000, 0x0000000710400000, 0x0000000710600000|  0%| F|  |TAMS 0x0000000710400000, 0x0000000710400000| Untracked 
|  90|0x0000000710600000, 0x0000000710600000, 0x0000000710800000|  0%| F|  |TAMS 0x0000000710600000, 0x0000000710600000| Untracked 
|  91|0x0000000710800000, 0x0000000710800000, 0x0000000710a00000|  0%| F|  |TAMS 0x0000000710800000, 0x0000000710800000| Untracked 
|  92|0x0000000710a00000, 0x0000000710a00000, 0x0000000710c00000|  0%| F|  |TAMS 0x0000000710a00000, 0x0000000710a00000| Untracked 
|  93|0x0000000710c00000, 0x0000000710c00000, 0x0000000710e00000|  0%| F|  |TAMS 0x0000000710c00000, 0x0000000710c00000| Untracked 
|  94|0x0000000710e00000, 0x0000000710e00000, 0x0000000711000000|  0%| F|  |TAMS 0x0000000710e00000, 0x0000000710e00000| Untracked 
|  95|0x0000000711000000, 0x0000000711000000, 0x0000000711200000|  0%| F|  |TAMS 0x0000000711000000, 0x0000000711000000| Untracked 
|  96|0x0000000711200000, 0x0000000711200000, 0x0000000711400000|  0%| F|  |TAMS 0x0000000711200000, 0x0000000711200000| Untracked 
|  97|0x0000000711400000, 0x0000000711400000, 0x0000000711600000|  0%| F|  |TAMS 0x0000000711400000, 0x0000000711400000| Untracked 
|  98|0x0000000711600000, 0x0000000711600000, 0x0000000711800000|  0%| F|  |TAMS 0x0000000711600000, 0x0000000711600000| Untracked 
|  99|0x0000000711800000, 0x0000000711800000, 0x0000000711a00000|  0%| F|  |TAMS 0x0000000711800000, 0x0000000711800000| Untracked 
| 100|0x0000000711a00000, 0x0000000711a00000, 0x0000000711c00000|  0%| F|  |TAMS 0x0000000711a00000, 0x0000000711a00000| Untracked 
| 101|0x0000000711c00000, 0x0000000711c00000, 0x0000000711e00000|  0%| F|  |TAMS 0x0000000711c00000, 0x0000000711c00000| Untracked 
| 102|0x0000000711e00000, 0x0000000711e00000, 0x0000000712000000|  0%| F|  |TAMS 0x0000000711e00000, 0x0000000711e00000| Untracked 
| 103|0x0000000712000000, 0x0000000712000000, 0x0000000712200000|  0%| F|  |TAMS 0x0000000712000000, 0x0000000712000000| Untracked 
| 104|0x0000000712200000, 0x0000000712200000, 0x0000000712400000|  0%| F|  |TAMS 0x0000000712200000, 0x0000000712200000| Untracked 
| 105|0x0000000712400000, 0x0000000712400000, 0x0000000712600000|  0%| F|  |TAMS 0x0000000712400000, 0x0000000712400000| Untracked 
| 106|0x0000000712600000, 0x0000000712600000, 0x0000000712800000|  0%| F|  |TAMS 0x0000000712600000, 0x0000000712600000| Untracked 
| 107|0x0000000712800000, 0x0000000712800000, 0x0000000712a00000|  0%| F|  |TAMS 0x0000000712800000, 0x0000000712800000| Untracked 
| 108|0x0000000712a00000, 0x0000000712a00000, 0x0000000712c00000|  0%| F|  |TAMS 0x0000000712a00000, 0x0000000712a00000| Untracked 
| 109|0x0000000712c00000, 0x0000000712c00000, 0x0000000712e00000|  0%| F|  |TAMS 0x0000000712c00000, 0x0000000712c00000| Untracked 
| 110|0x0000000712e00000, 0x0000000712e00000, 0x0000000713000000|  0%| F|  |TAMS 0x0000000712e00000, 0x0000000712e00000| Untracked 
| 111|0x0000000713000000, 0x0000000713000000, 0x0000000713200000|  0%| F|  |TAMS 0x0000000713000000, 0x0000000713000000| Untracked 
| 112|0x0000000713200000, 0x0000000713200000, 0x0000000713400000|  0%| F|  |TAMS 0x0000000713200000, 0x0000000713200000| Untracked 
| 113|0x0000000713400000, 0x0000000713400000, 0x0000000713600000|  0%| F|  |TAMS 0x0000000713400000, 0x0000000713400000| Untracked 
| 114|0x0000000713600000, 0x0000000713600000, 0x0000000713800000|  0%| F|  |TAMS 0x0000000713600000, 0x0000000713600000| Untracked 
| 115|0x0000000713800000, 0x0000000713800000, 0x0000000713a00000|  0%| F|  |TAMS 0x0000000713800000, 0x0000000713800000| Untracked 
| 116|0x0000000713a00000, 0x0000000713a00000, 0x0000000713c00000|  0%| F|  |TAMS 0x0000000713a00000, 0x0000000713a00000| Untracked 
| 117|0x0000000713c00000, 0x0000000713c00000, 0x0000000713e00000|  0%| F|  |TAMS 0x0000000713c00000, 0x0000000713c00000| Untracked 
| 118|0x0000000713e00000, 0x0000000713e00000, 0x0000000714000000|  0%| F|  |TAMS 0x0000000713e00000, 0x0000000713e00000| Untracked 
| 119|0x0000000714000000, 0x0000000714000000, 0x0000000714200000|  0%| F|  |TAMS 0x0000000714000000, 0x0000000714000000| Untracked 
| 120|0x0000000714200000, 0x0000000714200000, 0x0000000714400000|  0%| F|  |TAMS 0x0000000714200000, 0x0000000714200000| Untracked 
| 121|0x0000000714400000, 0x0000000714400000, 0x0000000714600000|  0%| F|  |TAMS 0x0000000714400000, 0x0000000714400000| Untracked 
| 122|0x0000000714600000, 0x0000000714600000, 0x0000000714800000|  0%| F|  |TAMS 0x0000000714600000, 0x0000000714600000| Untracked 
| 123|0x0000000714800000, 0x0000000714800000, 0x0000000714a00000|  0%| F|  |TAMS 0x0000000714800000, 0x0000000714800000| Untracked 
| 124|0x0000000714a00000, 0x0000000714a00000, 0x0000000714c00000|  0%| F|  |TAMS 0x0000000714a00000, 0x0000000714a00000| Untracked 
| 125|0x0000000714c00000, 0x0000000714c00000, 0x0000000714e00000|  0%| F|  |TAMS 0x0000000714c00000, 0x0000000714c00000| Untracked 
| 126|0x0000000714e00000, 0x0000000714e00000, 0x0000000715000000|  0%| F|  |TAMS 0x0000000714e00000, 0x0000000714e00000| Untracked 
| 127|0x0000000715000000, 0x0000000715000000, 0x0000000715200000|  0%| F|  |TAMS 0x0000000715000000, 0x0000000715000000| Untracked 
| 128|0x0000000715200000, 0x0000000715200000, 0x0000000715400000|  0%| F|  |TAMS 0x0000000715200000, 0x0000000715200000| Untracked 
| 129|0x0000000715400000, 0x0000000715400000, 0x0000000715600000|  0%| F|  |TAMS 0x0000000715400000, 0x0000000715400000| Untracked 
| 130|0x0000000715600000, 0x0000000715600000, 0x0000000715800000|  0%| F|  |TAMS 0x0000000715600000, 0x0000000715600000| Untracked 
| 131|0x0000000715800000, 0x0000000715800000, 0x0000000715a00000|  0%| F|  |TAMS 0x0000000715800000, 0x0000000715800000| Untracked 
| 132|0x0000000715a00000, 0x0000000715a00000, 0x0000000715c00000|  0%| F|  |TAMS 0x0000000715a00000, 0x0000000715a00000| Untracked 
| 133|0x0000000715c00000, 0x0000000715c00000, 0x0000000715e00000|  0%| F|  |TAMS 0x0000000715c00000, 0x0000000715c00000| Untracked 
| 134|0x0000000715e00000, 0x0000000715e00000, 0x0000000716000000|  0%| F|  |TAMS 0x0000000715e00000, 0x0000000715e00000| Untracked 
| 135|0x0000000716000000, 0x0000000716000000, 0x0000000716200000|  0%| F|  |TAMS 0x0000000716000000, 0x0000000716000000| Untracked 
| 136|0x0000000716200000, 0x0000000716200000, 0x0000000716400000|  0%| F|  |TAMS 0x0000000716200000, 0x0000000716200000| Untracked 
| 137|0x0000000716400000, 0x0000000716400000, 0x0000000716600000|  0%| F|  |TAMS 0x0000000716400000, 0x0000000716400000| Untracked 
| 138|0x0000000716600000, 0x0000000716600000, 0x0000000716800000|  0%| F|  |TAMS 0x0000000716600000, 0x0000000716600000| Untracked 
| 139|0x0000000716800000, 0x0000000716800000, 0x0000000716a00000|  0%| F|  |TAMS 0x0000000716800000, 0x0000000716800000| Untracked 
| 140|0x0000000716a00000, 0x0000000716a00000, 0x0000000716c00000|  0%| F|  |TAMS 0x0000000716a00000, 0x0000000716a00000| Untracked 
| 141|0x0000000716c00000, 0x0000000716c00000, 0x0000000716e00000|  0%| F|  |TAMS 0x0000000716c00000, 0x0000000716c00000| Untracked 
| 142|0x0000000716e00000, 0x0000000716e00000, 0x0000000717000000|  0%| F|  |TAMS 0x0000000716e00000, 0x0000000716e00000| Untracked 
| 143|0x0000000717000000, 0x0000000717000000, 0x0000000717200000|  0%| F|  |TAMS 0x0000000717000000, 0x0000000717000000| Untracked 
| 144|0x0000000717200000, 0x0000000717200000, 0x0000000717400000|  0%| F|  |TAMS 0x0000000717200000, 0x0000000717200000| Untracked 
| 145|0x0000000717400000, 0x0000000717400000, 0x0000000717600000|  0%| F|  |TAMS 0x0000000717400000, 0x0000000717400000| Untracked 
| 146|0x0000000717600000, 0x0000000717600000, 0x0000000717800000|  0%| F|  |TAMS 0x0000000717600000, 0x0000000717600000| Untracked 
| 147|0x0000000717800000, 0x0000000717800000, 0x0000000717a00000|  0%| F|  |TAMS 0x0000000717800000, 0x0000000717800000| Untracked 
| 148|0x0000000717a00000, 0x0000000717a00000, 0x0000000717c00000|  0%| F|  |TAMS 0x0000000717a00000, 0x0000000717a00000| Untracked 
| 149|0x0000000717c00000, 0x0000000717c00000, 0x0000000717e00000|  0%| F|  |TAMS 0x0000000717c00000, 0x0000000717c00000| Untracked 
| 150|0x0000000717e00000, 0x0000000717e00000, 0x0000000718000000|  0%| F|  |TAMS 0x0000000717e00000, 0x0000000717e00000| Untracked 
| 151|0x0000000718000000, 0x0000000718000000, 0x0000000718200000|  0%| F|  |TAMS 0x0000000718000000, 0x0000000718000000| Untracked 
| 152|0x0000000718200000, 0x0000000718200000, 0x0000000718400000|  0%| F|  |TAMS 0x0000000718200000, 0x0000000718200000| Untracked 
| 153|0x0000000718400000, 0x0000000718400000, 0x0000000718600000|  0%| F|  |TAMS 0x0000000718400000, 0x0000000718400000| Untracked 
| 154|0x0000000718600000, 0x0000000718600000, 0x0000000718800000|  0%| F|  |TAMS 0x0000000718600000, 0x0000000718600000| Untracked 
| 155|0x0000000718800000, 0x0000000718800000, 0x0000000718a00000|  0%| F|  |TAMS 0x0000000718800000, 0x0000000718800000| Untracked 
| 156|0x0000000718a00000, 0x0000000718a00000, 0x0000000718c00000|  0%| F|  |TAMS 0x0000000718a00000, 0x0000000718a00000| Untracked 
| 157|0x0000000718c00000, 0x0000000718c00000, 0x0000000718e00000|  0%| F|  |TAMS 0x0000000718c00000, 0x0000000718c00000| Untracked 
| 158|0x0000000718e00000, 0x0000000718e00000, 0x0000000719000000|  0%| F|  |TAMS 0x0000000718e00000, 0x0000000718e00000| Untracked 
| 159|0x0000000719000000, 0x0000000719000000, 0x0000000719200000|  0%| F|  |TAMS 0x0000000719000000, 0x0000000719000000| Untracked 
| 160|0x0000000719200000, 0x0000000719200000, 0x0000000719400000|  0%| F|  |TAMS 0x0000000719200000, 0x0000000719200000| Untracked 
| 161|0x0000000719400000, 0x0000000719400000, 0x0000000719600000|  0%| F|  |TAMS 0x0000000719400000, 0x0000000719400000| Untracked 
| 162|0x0000000719600000, 0x0000000719600000, 0x0000000719800000|  0%| F|  |TAMS 0x0000000719600000, 0x0000000719600000| Untracked 
| 163|0x0000000719800000, 0x0000000719800000, 0x0000000719a00000|  0%| F|  |TAMS 0x0000000719800000, 0x0000000719800000| Untracked 
| 164|0x0000000719a00000, 0x0000000719a00000, 0x0000000719c00000|  0%| F|  |TAMS 0x0000000719a00000, 0x0000000719a00000| Untracked 
| 165|0x0000000719c00000, 0x0000000719c00000, 0x0000000719e00000|  0%| F|  |TAMS 0x0000000719c00000, 0x0000000719c00000| Untracked 
| 166|0x0000000719e00000, 0x0000000719e00000, 0x000000071a000000|  0%| F|  |TAMS 0x0000000719e00000, 0x0000000719e00000| Untracked 
| 167|0x000000071a000000, 0x000000071a000000, 0x000000071a200000|  0%| F|  |TAMS 0x000000071a000000, 0x000000071a000000| Untracked 
| 168|0x000000071a200000, 0x000000071a200000, 0x000000071a400000|  0%| F|  |TAMS 0x000000071a200000, 0x000000071a200000| Untracked 
| 169|0x000000071a400000, 0x000000071a400000, 0x000000071a600000|  0%| F|  |TAMS 0x000000071a400000, 0x000000071a400000| Untracked 
| 170|0x000000071a600000, 0x000000071a600000, 0x000000071a800000|  0%| F|  |TAMS 0x000000071a600000, 0x000000071a600000| Untracked 
| 171|0x000000071a800000, 0x000000071a800000, 0x000000071aa00000|  0%| F|  |TAMS 0x000000071a800000, 0x000000071a800000| Untracked 
| 172|0x000000071aa00000, 0x000000071aa00000, 0x000000071ac00000|  0%| F|  |TAMS 0x000000071aa00000, 0x000000071aa00000| Untracked 
| 173|0x000000071ac00000, 0x000000071ac00000, 0x000000071ae00000|  0%| F|  |TAMS 0x000000071ac00000, 0x000000071ac00000| Untracked 
| 174|0x000000071ae00000, 0x000000071ae00000, 0x000000071b000000|  0%| F|  |TAMS 0x000000071ae00000, 0x000000071ae00000| Untracked 
| 175|0x000000071b000000, 0x000000071b000000, 0x000000071b200000|  0%| F|  |TAMS 0x000000071b000000, 0x000000071b000000| Untracked 
| 176|0x000000071b200000, 0x000000071b200000, 0x000000071b400000|  0%| F|  |TAMS 0x000000071b200000, 0x000000071b200000| Untracked 
| 177|0x000000071b400000, 0x000000071b400000, 0x000000071b600000|  0%| F|  |TAMS 0x000000071b400000, 0x000000071b400000| Untracked 
| 178|0x000000071b600000, 0x000000071b600000, 0x000000071b800000|  0%| F|  |TAMS 0x000000071b600000, 0x000000071b600000| Untracked 
| 179|0x000000071b800000, 0x000000071b800000, 0x000000071ba00000|  0%| F|  |TAMS 0x000000071b800000, 0x000000071b800000| Untracked 
| 180|0x000000071ba00000, 0x000000071ba00000, 0x000000071bc00000|  0%| F|  |TAMS 0x000000071ba00000, 0x000000071ba00000| Untracked 
| 181|0x000000071bc00000, 0x000000071bc00000, 0x000000071be00000|  0%| F|  |TAMS 0x000000071bc00000, 0x000000071bc00000| Untracked 
| 182|0x000000071be00000, 0x000000071be00000, 0x000000071c000000|  0%| F|  |TAMS 0x000000071be00000, 0x000000071be00000| Untracked 
| 183|0x000000071c000000, 0x000000071c000000, 0x000000071c200000|  0%| F|  |TAMS 0x000000071c000000, 0x000000071c000000| Untracked 
| 184|0x000000071c200000, 0x000000071c200000, 0x000000071c400000|  0%| F|  |TAMS 0x000000071c200000, 0x000000071c200000| Untracked 
| 185|0x000000071c400000, 0x000000071c400000, 0x000000071c600000|  0%| F|  |TAMS 0x000000071c400000, 0x000000071c400000| Untracked 
| 186|0x000000071c600000, 0x000000071c600000, 0x000000071c800000|  0%| F|  |TAMS 0x000000071c600000, 0x000000071c600000| Untracked 
| 187|0x000000071c800000, 0x000000071c800000, 0x000000071ca00000|  0%| F|  |TAMS 0x000000071c800000, 0x000000071c800000| Untracked 
| 188|0x000000071ca00000, 0x000000071ca00000, 0x000000071cc00000|  0%| F|  |TAMS 0x000000071ca00000, 0x000000071ca00000| Untracked 
| 189|0x000000071cc00000, 0x000000071cc00000, 0x000000071ce00000|  0%| F|  |TAMS 0x000000071cc00000, 0x000000071cc00000| Untracked 
| 190|0x000000071ce00000, 0x000000071ce00000, 0x000000071d000000|  0%| F|  |TAMS 0x000000071ce00000, 0x000000071ce00000| Untracked 
| 191|0x000000071d000000, 0x000000071d000000, 0x000000071d200000|  0%| F|  |TAMS 0x000000071d000000, 0x000000071d000000| Untracked 
| 192|0x000000071d200000, 0x000000071d200000, 0x000000071d400000|  0%| F|  |TAMS 0x000000071d200000, 0x000000071d200000| Untracked 
| 193|0x000000071d400000, 0x000000071d400000, 0x000000071d600000|  0%| F|  |TAMS 0x000000071d400000, 0x000000071d400000| Untracked 
| 194|0x000000071d600000, 0x000000071d600000, 0x000000071d800000|  0%| F|  |TAMS 0x000000071d600000, 0x000000071d600000| Untracked 
| 195|0x000000071d800000, 0x000000071d800000, 0x000000071da00000|  0%| F|  |TAMS 0x000000071d800000, 0x000000071d800000| Untracked 
| 196|0x000000071da00000, 0x000000071da00000, 0x000000071dc00000|  0%| F|  |TAMS 0x000000071da00000, 0x000000071da00000| Untracked 
| 197|0x000000071dc00000, 0x000000071dc00000, 0x000000071de00000|  0%| F|  |TAMS 0x000000071dc00000, 0x000000071dc00000| Untracked 
| 198|0x000000071de00000, 0x000000071de00000, 0x000000071e000000|  0%| F|  |TAMS 0x000000071de00000, 0x000000071de00000| Untracked 
| 199|0x000000071e000000, 0x000000071e000000, 0x000000071e200000|  0%| F|  |TAMS 0x000000071e000000, 0x000000071e000000| Untracked 
| 200|0x000000071e200000, 0x000000071e200000, 0x000000071e400000|  0%| F|  |TAMS 0x000000071e200000, 0x000000071e200000| Untracked 
| 201|0x000000071e400000, 0x000000071e400000, 0x000000071e600000|  0%| F|  |TAMS 0x000000071e400000, 0x000000071e400000| Untracked 
| 202|0x000000071e600000, 0x000000071e600000, 0x000000071e800000|  0%| F|  |TAMS 0x000000071e600000, 0x000000071e600000| Untracked 
| 203|0x000000071e800000, 0x000000071e800000, 0x000000071ea00000|  0%| F|  |TAMS 0x000000071e800000, 0x000000071e800000| Untracked 
| 204|0x000000071ea00000, 0x000000071ec00000, 0x000000071ec00000|100%| E|  |TAMS 0x000000071ea00000, 0x000000071ea00000| Complete 
| 205|0x000000071ec00000, 0x000000071ee00000, 0x000000071ee00000|100%| E|CS|TAMS 0x000000071ec00000, 0x000000071ec00000| Complete 
| 206|0x000000071ee00000, 0x000000071f000000, 0x000000071f000000|100%| E|CS|TAMS 0x000000071ee00000, 0x000000071ee00000| Complete 
| 207|0x000000071f000000, 0x000000071f200000, 0x000000071f200000|100%| E|CS|TAMS 0x000000071f000000, 0x000000071f000000| Complete 
| 208|0x000000071f200000, 0x000000071f400000, 0x000000071f400000|100%| E|CS|TAMS 0x000000071f200000, 0x000000071f200000| Complete 
| 209|0x000000071f400000, 0x000000071f600000, 0x000000071f600000|100%| E|CS|TAMS 0x000000071f400000, 0x000000071f400000| Complete 
| 210|0x000000071f600000, 0x000000071f800000, 0x000000071f800000|100%| E|CS|TAMS 0x000000071f600000, 0x000000071f600000| Complete 
| 211|0x000000071f800000, 0x000000071fa00000, 0x000000071fa00000|100%| E|CS|TAMS 0x000000071f800000, 0x000000071f800000| Complete 
| 212|0x000000071fa00000, 0x000000071fc00000, 0x000000071fc00000|100%| E|CS|TAMS 0x000000071fa00000, 0x000000071fa00000| Complete 
| 213|0x000000071fc00000, 0x000000071fe00000, 0x000000071fe00000|100%| E|CS|TAMS 0x000000071fc00000, 0x000000071fc00000| Complete 

Card table byte_map: [0x000002474a4b0000,0x000002474ac90000] _byte_map_base: 0x0000024746c87000

Marking Bits (Prev, Next): (CMBitMap*) 0x0000024732916140, (CMBitMap*) 0x0000024732916100
 Prev Bits: [0x000002474f330000, 0x00000247531e8000)
 Next Bits: [0x000002474b470000, 0x000002474f328000)

Polling page: 0x00000247304d0000

Metaspace:

Usage:
  Non-class:     50.45 MB used.
      Class:      6.35 MB used.
       Both:     56.80 MB used.

Virtual space:
  Non-class space:       64.00 MB reserved,      50.62 MB ( 79%) committed,  1 nodes.
      Class space:        1.00 GB reserved,       6.50 MB ( <1%) committed,  1 nodes.
             Both:        1.06 GB reserved,      57.12 MB (  5%) committed. 

Chunk freelists:
   Non-Class:  12.47 MB
       Class:  9.55 MB
        Both:  22.02 MB

MaxMetaspaceSize: unlimited
CompressedClassSpaceSize: 1.00 GB
Initial GC threshold: 21.00 MB
Current GC threshold: 93.12 MB
CDS: on
MetaspaceReclaimPolicy: balanced
 - commit_granule_bytes: 65536.
 - commit_granule_words: 8192.
 - virtual_space_node_default_size: 8388608.
 - enlarge_chunks_in_place: 1.
 - new_chunks_are_fully_committed: 0.
 - uncommit_free_chunks: 1.
 - use_allocation_guard: 0.
 - handle_deallocations: 1.


Internal statistics:

num_allocs_failed_limit: 6.
num_arena_births: 308.
num_arena_deaths: 0.
num_vsnodes_births: 2.
num_vsnodes_deaths: 0.
num_space_committed: 912.
num_space_uncommitted: 0.
num_chunks_returned_to_freelist: 6.
num_chunks_taken_from_freelist: 2338.
num_chunk_merges: 6.
num_chunk_splits: 1897.
num_chunks_enlarged: 1714.
num_inconsistent_stats: 0.

CodeHeap 'non-profiled nmethods': size=119168Kb used=6042Kb max_used=6042Kb free=113125Kb
 bounds [0x0000024741fe0000, 0x00000247425d0000, 0x0000024749440000]
CodeHeap 'profiled nmethods': size=119104Kb used=36408Kb max_used=36408Kb free=82695Kb
 bounds [0x000002473a440000, 0x000002473c7d0000, 0x0000024741890000]
CodeHeap 'non-nmethods': size=7488Kb used=3054Kb max_used=3107Kb free=4433Kb
 bounds [0x0000024741890000, 0x0000024741bb0000, 0x0000024741fe0000]
 total_blobs=11674 nmethods=10994 adapters=585
 compilation: enabled
              stopped_count=0, restarted_count=0
 full_count=0

Compilation events (20 events):
Event: 9.926 Thread 0x000002475632e230 nmethod 12578 0x000002473c7aae90 code [0x000002473c7ab180, 0x000002473c7ac058]
Event: 9.927 Thread 0x000002475632e230 12580       3       org.jetbrains.kotlin.fir.ClassMembersKt::setOriginalForSubstitutionOverrideAttr (24 bytes)
Event: 9.927 Thread 0x0000024756766b30 12581       3       org.jetbrains.kotlin.fir.java.enhancement.FirSignatureEnhancement::isEnhanceable (31 bytes)
Event: 9.927 Thread 0x0000024756217bf0 12582       3       org.jetbrains.kotlin.fir.java.enhancement.FirSignatureEnhancement::getPrivateKtSuperClass (15 bytes)
Event: 9.928 Thread 0x000002475676f400 12583       3       org.jetbrains.kotlin.fir.resolve.transformers.body.resolve.FirAbstractBodyResolveTransformerDispatcher::transformExpression (57 bytes)
Event: 9.928 Thread 0x0000024756217bf0 nmethod 12582 0x000002473c7ac590 code [0x000002473c7ac740, 0x000002473c7aca08]
Event: 9.928 Thread 0x0000024756217bf0 12584       3       org.jetbrains.kotlin.fir.resolve.transformers.body.resolve.FirExpressionsResolveTransformer::transformExpression (127 bytes)
Event: 9.928 Thread 0x0000024756766b30 nmethod 12581 0x000002473c7acb10 code [0x000002473c7acd20, 0x000002473c7ad398]
Event: 9.928 Thread 0x0000024756766b30 12585       3       org.jetbrains.kotlin.com.intellij.psi.impl.PsiImplUtil::findDocComment (63 bytes)
Event: 9.928 Thread 0x000002475676f400 nmethod 12583 0x000002473c7ad590 code [0x000002473c7ad840, 0x000002473c7ae598]
Event: 9.928 Thread 0x0000024756766b30 nmethod 12585 0x000002473c7aea10 code [0x000002473c7aec40, 0x000002473c7af428]
Event: 9.928 Thread 0x000002475632e230 nmethod 12580 0x000002473c7af610 code [0x000002473c7af9e0, 0x000002473c7b1008]
Event: 9.929 Thread 0x000002475632e230 12586       3       org.jetbrains.kotlin.fir.expressions.impl.FirBlockImpl::transformOtherChildren (10 bytes)
Event: 9.929 Thread 0x0000024756217bf0 nmethod 12584 0x000002473c7b1810 code [0x000002473c7b1d80, 0x000002473c7b4628]
Event: 9.930 Thread 0x000002475632e230 nmethod 12586 0x000002473c7b5390 code [0x000002473c7b56c0, 0x000002473c7b66a8]
Event: 9.930 Thread 0x000002475632e230 12587       3       org.jetbrains.kotlin.fir.resolve.transformers.TransformUtilsKt::transformInlineStatus (112 bytes)
Event: 9.931 Thread 0x000002475632e230 nmethod 12587 0x000002473c7b6c10 code [0x000002473c7b71a0, 0x000002473c7b99b8]
Event: 9.934 Thread 0x000002475632e230 12589       3       org.jetbrains.kotlin.fir.java.enhancement.FirEnhancedSymbolsStorage$EnhancementSymbolsCache$$Lambda$574/0x00000247584f5e10::invoke (12 bytes)
Event: 9.934 Thread 0x000002475676f400 12590       3       org.jetbrains.kotlin.fir.java.enhancement.FirEnhancedSymbolsStorage$EnhancementSymbolsCache::enhancedFunctions$lambda$5 (94 bytes)
Event: 9.934 Thread 0x0000024756217bf0 12591       3       org.jetbrains.kotlin.fir.java.enhancement.FirSignatureEnhancement::enhance$java (138 bytes)

GC Heap History (20 events):
Event: 8.329 GC heap before
{Heap before GC invocations=25 (full 0):
 garbage-first heap   total 147456K, used 113139K [0x0000000705200000, 0x0000000800000000)
  region size 2048K, 13 young (26624K), 1 survivors (2048K)
 Metaspace       used 56857K, committed 57152K, reserved 1114112K
  class space    used 6388K, committed 6528K, reserved 1048576K
}
Event: 8.333 GC heap after
{Heap after GC invocations=26 (full 0):
 garbage-first heap   total 247808K, used 90466K [0x0000000705200000, 0x0000000800000000)
  region size 2048K, 2 young (4096K), 2 survivors (4096K)
 Metaspace       used 56857K, committed 57152K, reserved 1114112K
  class space    used 6388K, committed 6528K, reserved 1048576K
}
Event: 8.612 GC heap before
{Heap before GC invocations=27 (full 0):
 garbage-first heap   total 247808K, used 174434K [0x0000000705200000, 0x0000000800000000)
  region size 2048K, 43 young (88064K), 2 survivors (4096K)
 Metaspace       used 56910K, committed 57216K, reserved 1114112K
  class space    used 6388K, committed 6528K, reserved 1048576K
}
Event: 8.616 GC heap after
{Heap after GC invocations=28 (full 0):
 garbage-first heap   total 247808K, used 92274K [0x0000000705200000, 0x0000000800000000)
  region size 2048K, 3 young (6144K), 3 survivors (6144K)
 Metaspace       used 56910K, committed 57216K, reserved 1114112K
  class space    used 6388K, committed 6528K, reserved 1048576K
}
Event: 8.627 GC heap before
{Heap before GC invocations=28 (full 0):
 garbage-first heap   total 247808K, used 98418K [0x0000000705200000, 0x0000000800000000)
  region size 2048K, 6 young (12288K), 3 survivors (6144K)
 Metaspace       used 56910K, committed 57216K, reserved 1114112K
  class space    used 6388K, committed 6528K, reserved 1048576K
}
Event: 8.630 GC heap after
{Heap after GC invocations=29 (full 0):
 garbage-first heap   total 247808K, used 91760K [0x0000000705200000, 0x0000000800000000)
  region size 2048K, 1 young (2048K), 1 survivors (2048K)
 Metaspace       used 56910K, committed 57216K, reserved 1114112K
  class space    used 6388K, committed 6528K, reserved 1048576K
}
Event: 8.801 GC heap before
{Heap before GC invocations=29 (full 0):
 garbage-first heap   total 247808K, used 188016K [0x0000000705200000, 0x0000000800000000)
  region size 2048K, 48 young (98304K), 1 survivors (2048K)
 Metaspace       used 56928K, committed 57280K, reserved 1114112K
  class space    used 6388K, committed 6528K, reserved 1048576K
}
Event: 8.802 GC heap after
{Heap after GC invocations=30 (full 0):
 garbage-first heap   total 247808K, used 91358K [0x0000000705200000, 0x0000000800000000)
  region size 2048K, 1 young (2048K), 1 survivors (2048K)
 Metaspace       used 56928K, committed 57280K, reserved 1114112K
  class space    used 6388K, committed 6528K, reserved 1048576K
}
Event: 8.936 GC heap before
{Heap before GC invocations=30 (full 0):
 garbage-first heap   total 247808K, used 201950K [0x0000000705200000, 0x0000000800000000)
  region size 2048K, 55 young (112640K), 1 survivors (2048K)
 Metaspace       used 56941K, committed 57280K, reserved 1114112K
  class space    used 6388K, committed 6528K, reserved 1048576K
}
Event: 8.937 GC heap after
{Heap after GC invocations=31 (full 0):
 garbage-first heap   total 247808K, used 91175K [0x0000000705200000, 0x0000000800000000)
  region size 2048K, 1 young (2048K), 1 survivors (2048K)
 Metaspace       used 56941K, committed 57280K, reserved 1114112K
  class space    used 6388K, committed 6528K, reserved 1048576K
}
Event: 9.038 GC heap before
{Heap before GC invocations=31 (full 0):
 garbage-first heap   total 247808K, used 205863K [0x0000000705200000, 0x0000000800000000)
  region size 2048K, 57 young (116736K), 1 survivors (2048K)
 Metaspace       used 56960K, committed 57280K, reserved 1114112K
  class space    used 6388K, committed 6528K, reserved 1048576K
}
Event: 9.039 GC heap after
{Heap after GC invocations=32 (full 0):
 garbage-first heap   total 247808K, used 91352K [0x0000000705200000, 0x0000000800000000)
  region size 2048K, 1 young (2048K), 1 survivors (2048K)
 Metaspace       used 56960K, committed 57280K, reserved 1114112K
  class space    used 6388K, committed 6528K, reserved 1048576K
}
Event: 9.141 GC heap before
{Heap before GC invocations=32 (full 0):
 garbage-first heap   total 247808K, used 208088K [0x0000000705200000, 0x0000000800000000)
  region size 2048K, 58 young (118784K), 1 survivors (2048K)
 Metaspace       used 56973K, committed 57280K, reserved 1114112K
  class space    used 6388K, committed 6528K, reserved 1048576K
}
Event: 9.142 GC heap after
{Heap after GC invocations=33 (full 0):
 garbage-first heap   total 247808K, used 91259K [0x0000000705200000, 0x0000000800000000)
  region size 2048K, 1 young (2048K), 1 survivors (2048K)
 Metaspace       used 56973K, committed 57280K, reserved 1114112K
  class space    used 6388K, committed 6528K, reserved 1048576K
}
Event: 9.207 GC heap before
{Heap before GC invocations=33 (full 0):
 garbage-first heap   total 247808K, used 210043K [0x0000000705200000, 0x0000000800000000)
  region size 2048K, 59 young (120832K), 1 survivors (2048K)
 Metaspace       used 56973K, committed 57280K, reserved 1114112K
  class space    used 6388K, committed 6528K, reserved 1048576K
}
Event: 9.208 GC heap after
{Heap after GC invocations=34 (full 0):
 garbage-first heap   total 247808K, used 91287K [0x0000000705200000, 0x0000000800000000)
  region size 2048K, 1 young (2048K), 1 survivors (2048K)
 Metaspace       used 56973K, committed 57280K, reserved 1114112K
  class space    used 6388K, committed 6528K, reserved 1048576K
}
Event: 9.271 GC heap before
{Heap before GC invocations=34 (full 0):
 garbage-first heap   total 247808K, used 212119K [0x0000000705200000, 0x0000000800000000)
  region size 2048K, 60 young (122880K), 1 survivors (2048K)
 Metaspace       used 56974K, committed 57280K, reserved 1114112K
  class space    used 6388K, committed 6528K, reserved 1048576K
}
Event: 9.272 GC heap after
{Heap after GC invocations=35 (full 0):
 garbage-first heap   total 247808K, used 91282K [0x0000000705200000, 0x0000000800000000)
  region size 2048K, 1 young (2048K), 1 survivors (2048K)
 Metaspace       used 56974K, committed 57280K, reserved 1114112K
  class space    used 6388K, committed 6528K, reserved 1048576K
}
Event: 9.684 GC heap before
{Heap before GC invocations=35 (full 0):
 garbage-first heap   total 247808K, used 212114K [0x0000000705200000, 0x0000000800000000)
  region size 2048K, 60 young (122880K), 1 survivors (2048K)
 Metaspace       used 57566K, committed 57920K, reserved 1114112K
  class space    used 6430K, committed 6592K, reserved 1048576K
}
Event: 9.688 GC heap after
{Heap after GC invocations=36 (full 0):
 garbage-first heap   total 438272K, used 93568K [0x0000000705200000, 0x0000000800000000)
  region size 2048K, 2 young (4096K), 2 survivors (4096K)
 Metaspace       used 57566K, committed 57920K, reserved 1114112K
  class space    used 6430K, committed 6592K, reserved 1048576K
}

Dll operation events (7 events):
Event: 0.009 Loaded shared library C:\Program Files\Microsoft\jdk-17.0.20.101-hotspot\bin\java.dll
Event: 0.028 Loaded shared library C:\Program Files\Microsoft\jdk-17.0.20.101-hotspot\bin\jsvml.dll
Event: 0.070 Loaded shared library C:\Program Files\Microsoft\jdk-17.0.20.101-hotspot\bin\net.dll
Event: 0.071 Loaded shared library C:\Program Files\Microsoft\jdk-17.0.20.101-hotspot\bin\nio.dll
Event: 0.091 Loaded shared library C:\Program Files\Microsoft\jdk-17.0.20.101-hotspot\bin\zip.dll
Event: 0.116 Loaded shared library C:\Program Files\Microsoft\jdk-17.0.20.101-hotspot\bin\jimage.dll
Event: 1.151 Loaded shared library C:\Program Files\Microsoft\jdk-17.0.20.101-hotspot\bin\verify.dll

Deoptimization events (20 events):
Event: 9.650 Thread 0x00000247328a6000 Uncommon trap: trap_request=0xffffff66 fr.pc=0x000002474258544c relative=0x0000000000000bac
Event: 9.650 Thread 0x00000247328a6000 Uncommon trap: reason=speculate_class_check action=maybe_recompile pc=0x000002474258544c method=org.jetbrains.kotlin.fir.types.ConeInferenceContext.typeDepth(Lorg/jetbrains/kotlin/types/model/KotlinTypeMarker;)I @ 36 c2
Event: 9.650 Thread 0x00000247328a6000 DEOPT PACKING pc=0x000002474258544c sp=0x0000006c0e5f85d0
Event: 9.650 Thread 0x00000247328a6000 DEOPT UNPACKING pc=0x00000247418e69a3 sp=0x0000006c0e5f8480 mode 2
Event: 9.652 Thread 0x00000247328a6000 Uncommon trap: trap_request=0xffffff66 fr.pc=0x000002474258544c relative=0x0000000000000bac
Event: 9.652 Thread 0x00000247328a6000 Uncommon trap: reason=speculate_class_check action=maybe_recompile pc=0x000002474258544c method=org.jetbrains.kotlin.fir.types.ConeInferenceContext.typeDepth(Lorg/jetbrains/kotlin/types/model/KotlinTypeMarker;)I @ 36 c2
Event: 9.652 Thread 0x00000247328a6000 DEOPT PACKING pc=0x000002474258544c sp=0x0000006c0e5f83c0
Event: 9.652 Thread 0x00000247328a6000 DEOPT UNPACKING pc=0x00000247418e69a3 sp=0x0000006c0e5f8270 mode 2
Event: 9.654 Thread 0x00000247328a6000 Uncommon trap: trap_request=0xffffff66 fr.pc=0x000002474258544c relative=0x0000000000000bac
Event: 9.654 Thread 0x00000247328a6000 Uncommon trap: reason=speculate_class_check action=maybe_recompile pc=0x000002474258544c method=org.jetbrains.kotlin.fir.types.ConeInferenceContext.typeDepth(Lorg/jetbrains/kotlin/types/model/KotlinTypeMarker;)I @ 36 c2
Event: 9.654 Thread 0x00000247328a6000 DEOPT PACKING pc=0x000002474258544c sp=0x0000006c0e5f7aa0
Event: 9.654 Thread 0x00000247328a6000 DEOPT UNPACKING pc=0x00000247418e69a3 sp=0x0000006c0e5f7950 mode 2
Event: 9.692 Thread 0x00000247328a6000 Uncommon trap: trap_request=0xffffff45 fr.pc=0x00000247420986bc relative=0x000000000000009c
Event: 9.692 Thread 0x00000247328a6000 Uncommon trap: reason=unstable_if action=reinterpret pc=0x00000247420986bc method=java.util.AbstractSet.equals(Ljava/lang/Object;)Z @ 11 c2
Event: 9.692 Thread 0x00000247328a6000 DEOPT PACKING pc=0x00000247420986bc sp=0x0000006c0e5f7ef0
Event: 9.692 Thread 0x00000247328a6000 DEOPT UNPACKING pc=0x00000247418e69a3 sp=0x0000006c0e5f7e80 mode 2
Event: 9.742 Thread 0x00000247328a6000 Uncommon trap: trap_request=0xffffff45 fr.pc=0x00000247420aaae4 relative=0x00000000000005c4
Event: 9.742 Thread 0x00000247328a6000 Uncommon trap: reason=unstable_if action=reinterpret pc=0x00000247420aaae4 method=java.util.ArrayList.grow(I)[Ljava/lang/Object; @ 17 c2
Event: 9.742 Thread 0x00000247328a6000 DEOPT PACKING pc=0x00000247420aaae4 sp=0x0000006c0e5f35f0
Event: 9.742 Thread 0x00000247328a6000 DEOPT UNPACKING pc=0x00000247418e69a3 sp=0x0000006c0e5f35a8 mode 2

Classes loaded (20 events):
Event: 5.483 Loading class java/util/ArrayList$SubList$1
Event: 5.483 Loading class java/util/ArrayList$SubList$1 done
Event: 5.506 Loading class java/util/EnumMap$EntrySet
Event: 5.506 Loading class java/util/EnumMap$EntrySet done
Event: 5.506 Loading class java/util/EnumMap$EntryIterator
Event: 5.506 Loading class java/util/EnumMap$EnumMapIterator
Event: 5.506 Loading class java/util/EnumMap$EnumMapIterator done
Event: 5.506 Loading class java/util/EnumMap$EntryIterator done
Event: 5.506 Loading class java/util/EnumMap$EntryIterator$Entry
Event: 5.506 Loading class java/util/EnumMap$EntryIterator$Entry done
Event: 5.662 Loading class java/lang/Byte$ByteCache
Event: 5.662 Loading class java/lang/Byte$ByteCache done
Event: 5.682 Loading class java/lang/Short$ShortCache
Event: 5.683 Loading class java/lang/Short$ShortCache done
Event: 5.910 Loading class java/lang/Character$UnicodeBlock
Event: 5.910 Loading class java/lang/Character$Subset
Event: 5.910 Loading class java/lang/Character$Subset done
Event: 5.910 Loading class java/lang/Character$UnicodeBlock done
Event: 6.668 Loading class java/util/AbstractList$RandomAccessSubList
Event: 6.669 Loading class java/util/AbstractList$RandomAccessSubList done

Classes unloaded (0 events):
No events

Classes redefined (0 events):
No events

Internal exceptions (20 events):
Event: 6.685 Thread 0x00000247328a6000 Exception <a 'java/lang/NoSuchMethodError'{0x000000070bb697c8}: 'java.lang.Object java.lang.invoke.DirectMethodHandle$Holder.newInvokeSpecial(java.lang.Object, int, java.lang.Object)'> (0x000000070bb697c8) 
thrown [s\src\hotspot\share\interpreter\linkResolver.cpp, line 759]
Event: 6.690 Thread 0x00000247328a6000 Exception <a 'java/lang/NoSuchMethodError'{0x000000070bbb5cc8}: 'java.lang.Object java.lang.invoke.DirectMethodHandle$Holder.newInvokeSpecial(java.lang.Object, int, java.lang.Object, java.lang.Object)'> (0x000000070bbb5cc8) 
thrown [s\src\hotspot\share\interpreter\linkResolver.cpp, line 759]
Event: 6.690 Thread 0x00000247328a6000 Exception <a 'java/lang/NoSuchMethodError'{0x000000070bbba5c8}: 'java.lang.Object java.lang.invoke.DirectMethodHandle$Holder.invokeSpecial(java.lang.Object, java.lang.Object, int, java.lang.Object, java.lang.Object)'> (0x000000070bbba5c8) 
thrown [s\src\hotspot\share\interpreter\linkResolver.cpp, line 759]
Event: 6.696 Thread 0x00000247328a6000 Exception <a 'java/lang/NoSuchMethodError'{0x000000070b837ff0}: 'java.lang.Object java.lang.invoke.DirectMethodHandle$Holder.invokeStatic(java.lang.Object, int, java.lang.Object, java.lang.Object)'> (0x000000070b837ff0) 
thrown [s\src\hotspot\share\interpreter\linkResolver.cpp, line 759]
Event: 6.712 Thread 0x00000247328a6000 Exception <a 'java/lang/NoSuchMethodError'{0x000000070b940328}: 'java.lang.Object java.lang.invoke.DirectMethodHandle$Holder.newInvokeSpecial(java.lang.Object, java.lang.Object, java.lang.Object, java.lang.Object, int, java.lang.Object, java.lang.Object)'> (0x000000070b940328) 
thrown [s\src\hotspot\share\interpreter\linkResolver.cpp, line 759]
Event: 6.712 Thread 0x00000247328a6000 Exception <a 'java/lang/NoSuchMethodError'{0x000000070b949bc8}: 'java.lang.Object java.lang.invoke.Invokers$Holder.linkToTargetMethod(java.lang.Object, java.lang.Object, java.lang.Object, int, java.lang.Object, java.lang.Object, java.lang.Object)'> (0x000000070b949bc8) 
thrown [s\src\hotspot\share\interpreter\linkResolver.cpp, line 759]
Event: 6.735 Thread 0x00000247328a6000 Exception <a 'java/lang/NoSuchMethodError'{0x000000070b66e570}: 'java.lang.Object java.lang.invoke.DirectMethodHandle$Holder.newInvokeSpecial(java.lang.Object, java.lang.Object, java.lang.Object, java.lang.Object, java.lang.Object, int)'> (0x000000070b66e570) 
thrown [s\src\hotspot\share\interpreter\linkResolver.cpp, line 759]
Event: 6.736 Thread 0x00000247328a6000 Exception <a 'java/lang/NoSuchMethodError'{0x000000070b6731d0}: 'java.lang.Object java.lang.invoke.DirectMethodHandle$Holder.invokeSpecial(java.lang.Object, java.lang.Object, java.lang.Object, java.lang.Object, java.lang.Object, java.lang.Object, int)'> (0x000000070b6731d0) 
thrown [s\src\hotspot\share\interpreter\linkResolver.cpp, line 759]
Event: 6.736 Thread 0x00000247328a6000 Exception <a 'java/lang/NoSuchMethodError'{0x000000070b6777b8}: 'java.lang.Object java.lang.invoke.Invokers$Holder.linkToTargetMethod(java.lang.Object, java.lang.Object, java.lang.Object, java.lang.Object, int, java.lang.Object)'> (0x000000070b6777b8) 
thrown [s\src\hotspot\share\interpreter\linkResolver.cpp, line 759]
Event: 7.177 Thread 0x00000247328a6000 Exception <a 'java/lang/NoSuchMethodError'{0x000000070c293268}: 'java.lang.Object java.lang.invoke.DirectMethodHandle$Holder.invokeStatic(java.lang.Object, java.lang.Object, java.lang.Object, int, java.lang.Object, java.lang.Object)'> (0x000000070c293268) 
thrown [s\src\hotspot\share\interpreter\linkResolver.cpp, line 759]
Event: 7.277 Thread 0x00000247328a6000 Exception <a 'java/lang/NoSuchMethodError'{0x0000000711e2ed40}: 'java.lang.Object java.lang.invoke.DirectMethodHandle$Holder.invokeStatic(java.lang.Object, int, java.lang.Object)'> (0x0000000711e2ed40) 
thrown [s\src\hotspot\share\interpreter\linkResolver.cpp, line 759]
Event: 7.376 Thread 0x00000247328a6000 Exception <a 'java/lang/NoSuchMethodError'{0x0000000711a347d8}: 'java.lang.Object java.lang.invoke.DirectMethodHandle$Holder.newInvokeSpecial(java.lang.Object, int, java.lang.Object, java.lang.Object, java.lang.Object)'> (0x0000000711a347d8) 
thrown [s\src\hotspot\share\interpreter\linkResolver.cpp, line 759]
Event: 7.376 Thread 0x00000247328a6000 Exception <a 'java/lang/NoSuchMethodError'{0x0000000711a394b8}: 'java.lang.Object java.lang.invoke.DirectMethodHandle$Holder.invokeSpecial(java.lang.Object, java.lang.Object, int, java.lang.Object, java.lang.Object, java.lang.Object)'> (0x0000000711a394b8) 
thrown [s\src\hotspot\share\interpreter\linkResolver.cpp, line 759]
Event: 7.376 Thread 0x00000247328a6000 Exception <a 'java/lang/NoSuchMethodError'{0x0000000711a3d758}: 'java.lang.Object java.lang.invoke.Invokers$Holder.linkToTargetMethod(int, java.lang.Object, java.lang.Object, java.lang.Object, java.lang.Object)'> (0x0000000711a3d758) 
thrown [s\src\hotspot\share\interpreter\linkResolver.cpp, line 759]
Event: 7.598 Thread 0x00000247328a6000 Implicit null exception at 0x000002474223f9ef to 0x000002474223fbd4
Event: 7.878 Thread 0x00000247328a6000 Exception <a 'java/lang/NoSuchMethodError'{0x000000070d2df820}: 'java.lang.Object java.lang.invoke.DirectMethodHandle$Holder.newInvokeSpecial(java.lang.Object, java.lang.Object, java.lang.Object, java.lang.Object, java.lang.Object, java.lang.Object, int)'> (0x000000070d2df820) 
thrown [s\src\hotspot\share\interpreter\linkResolver.cpp, line 759]
Event: 7.878 Thread 0x00000247328a6000 Exception <a 'java/lang/NoSuchMethodError'{0x000000070d2e5058}: 'java.lang.Object java.lang.invoke.DirectMethodHandle$Holder.invokeSpecial(java.lang.Object, java.lang.Object, java.lang.Object, java.lang.Object, java.lang.Object, java.lang.Object, java.lang.Object, int)'> (0x000000070d2e5058) 
thrown [s\src\hotspot\share\interpreter\linkResolver.cpp, line 759]
Event: 9.573 Thread 0x00000247328a6000 Exception <a 'java/lang/NoSuchMethodError'{0x000000070d424c28}: 'java.lang.Object java.lang.invoke.DirectMethodHandle$Holder.newInvokeSpecial(java.lang.Object, java.lang.Object, java.lang.Object, java.lang.Object, java.lang.Object, java.lang.Object, java.lang.Object, java.lang.Object, java.lang.Object)'> (0x000000070d424c28) 
thrown [s\src\hotspot\share\interpreter\linkResolver.cpp, line 759]
Event: 9.574 Thread 0x00000247328a6000 Exception <a 'java/lang/NoSuchMethodError'{0x000000070d42a4e8}: 'java.lang.Object java.lang.invoke.DirectMethodHandle$Holder.invokeSpecial(java.lang.Object, java.lang.Object, java.lang.Object, java.lang.Object, java.lang.Object, java.lang.Object, java.lang.Object, java.lang.Object, java.lang.Object, java.lang.Object)'> (0x000000070d42a4e8) 
thrown [s\src\hotspot\share\interpreter\linkResolver.cpp, line 759]
Event: 9.574 Thread 0x00000247328a6000 Exception <a 'java/lang/NoSuchMethodError'{0x000000070d42ed58}: 'java.lang.Object java.lang.invoke.Invokers$Holder.linkToTargetMethod(java.lang.Object, java.lang.Object, java.lang.Object, java.lang.Object, java.lang.Object, java.lang.Object, java.lang.Object, java.lang.Object, java.lang.Object)'> (0x000000070d42ed58) 
thrown [s\src\hotspot\share\interpreter\linkResolver.cpp, line 759]

VM Operations (20 events):
Event: 9.567 Executing VM operation: ICBufferFull
Event: 9.567 Executing VM operation: ICBufferFull done
Event: 9.615 Executing VM operation: HandshakeAllThreads
Event: 9.615 Executing VM operation: HandshakeAllThreads done
Event: 9.617 Executing VM operation: HandshakeAllThreads
Event: 9.617 Executing VM operation: HandshakeAllThreads done
Event: 9.646 Executing VM operation: ICBufferFull
Event: 9.646 Executing VM operation: ICBufferFull done
Event: 9.684 Executing VM operation: G1CollectForAllocation
Event: 9.688 Executing VM operation: G1CollectForAllocation done
Event: 9.729 Executing VM operation: HandshakeAllThreads
Event: 9.729 Executing VM operation: HandshakeAllThreads done
Event: 9.767 Executing VM operation: HandshakeAllThreads
Event: 9.767 Executing VM operation: HandshakeAllThreads done
Event: 9.772 Executing VM operation: HandshakeAllThreads
Event: 9.772 Executing VM operation: HandshakeAllThreads done
Event: 9.863 Executing VM operation: ICBufferFull
Event: 9.863 Executing VM operation: ICBufferFull done
Event: 9.908 Executing VM operation: HandshakeAllThreads
Event: 9.908 Executing VM operation: HandshakeAllThreads done

Memory protections (0 events):
No events

Nmethod flushes (20 events):
Event: 8.965 Thread 0x000002475621a930 flushing  nmethod 0x000002473c485490
Event: 8.965 Thread 0x000002475621a930 flushing  nmethod 0x000002473c486d10
Event: 8.965 Thread 0x000002475621a930 flushing  nmethod 0x000002473c4b1d90
Event: 8.965 Thread 0x000002475621a930 flushing  nmethod 0x000002473c4b5b90
Event: 8.965 Thread 0x000002475621a930 flushing  nmethod 0x000002473c4f1390
Event: 8.965 Thread 0x000002475621a930 flushing  nmethod 0x000002473c4f6a90
Event: 8.966 Thread 0x000002475621a930 flushing  nmethod 0x000002473c595d90
Event: 8.966 Thread 0x000002475621a930 flushing  nmethod 0x000002473c5f6f90
Event: 8.966 Thread 0x000002475621a930 flushing  nmethod 0x000002473c5f9010
Event: 8.966 Thread 0x000002475621a930 flushing  nmethod 0x000002473c5fa410
Event: 8.966 Thread 0x000002475621a930 flushing  nmethod 0x000002473c5fdf10
Event: 8.966 Thread 0x000002475621a930 flushing  nmethod 0x000002473c605d90
Event: 8.966 Thread 0x000002475621a930 flushing  nmethod 0x000002473c609810
Event: 8.966 Thread 0x000002475621a930 flushing  nmethod 0x000002473c60ff90
Event: 8.966 Thread 0x000002475621a930 flushing  nmethod 0x000002473c619390
Event: 8.966 Thread 0x000002475621a930 flushing  nmethod 0x000002473c643290
Event: 8.966 Thread 0x000002475621a930 flushing  nmethod 0x000002473c647f10
Event: 8.966 Thread 0x000002475621a930 flushing  nmethod 0x000002473c649390
Event: 8.966 Thread 0x000002475621a930 flushing  nmethod 0x000002473c64aa10
Event: 8.966 Thread 0x000002475621a930 flushing  nmethod 0x000002473c64b790

Events (20 events):
Event: 0.040 Thread 0x00000247328a6000 Thread added: 0x00000247561e7a90
Event: 0.040 Thread 0x00000247328a6000 Thread added: 0x00000247561e9490
Event: 0.040 Thread 0x00000247328a6000 Thread added: 0x00000247561ee890
Event: 0.040 Thread 0x00000247328a6000 Thread added: 0x00000247562000e0
Event: 0.040 Thread 0x00000247328a6000 Thread added: 0x0000024756217bf0
Event: 0.040 Thread 0x00000247328a6000 Thread added: 0x000002475621a930
Event: 0.063 Thread 0x0000024756217bf0 Thread added: 0x000002475632e230
Event: 0.065 Thread 0x00000247328a6000 Thread added: 0x000002475633e260
Event: 0.067 Thread 0x00000247328a6000 Thread added: 0x000002475633fdc0
Event: 0.085 Thread 0x00000247562000e0 Thread added: 0x000002475639e030
Event: 0.352 Thread 0x0000024756217bf0 Thread added: 0x000002475676f400
Event: 0.352 Thread 0x0000024756217bf0 Thread added: 0x0000024756766b30
Event: 0.986 Thread 0x00000247562000e0 Thread added: 0x0000024756bbc020
Event: 0.994 Thread 0x0000024756bbc020 Thread added: 0x0000024756bbc540
Event: 1.010 Thread 0x0000024756766b30 Thread added: 0x000002479db03f90
Event: 1.296 Thread 0x000002479db03f90 Thread exited: 0x000002479db03f90
Event: 1.303 Thread 0x0000024756bbc540 Thread exited: 0x0000024756bbc540
Event: 1.487 Thread 0x0000024756bbc020 Thread exited: 0x0000024756bbc020
Event: 1.487 Thread 0x000002475639e030 Thread exited: 0x000002475639e030
Event: 1.772 Thread 0x0000024756217bf0 Thread added: 0x000002479c8fc990


Dynamic libraries:
0x00007ff60b4a0000 - 0x00007ff60b4ae000 	C:\Program Files\Microsoft\jdk-17.0.20.101-hotspot\bin\java.exe
0x00007ffc347e0000 - 0x00007ffc34a47000 	C:\WINDOWS\SYSTEM32\ntdll.dll
0x00007ffc336f0000 - 0x00007ffc337bb000 	C:\WINDOWS\System32\KERNEL32.DLL
0x00007ffc31a10000 - 0x00007ffc31e11000 	C:\WINDOWS\System32\KERNELBASE.dll
0x00007ffc323a0000 - 0x00007ffc324ec000 	C:\WINDOWS\System32\ucrtbase.dll
0x00007ffbfe010000 - 0x00007ffbfe028000 	C:\Program Files\Microsoft\jdk-17.0.20.101-hotspot\bin\jli.dll
0x00007ffc32500000 - 0x00007ffc326d7000 	C:\WINDOWS\System32\USER32.dll
0x00007ffc319e0000 - 0x00007ffc31a07000 	C:\WINDOWS\System32\win32u.dll
0x00007ffc335a0000 - 0x00007ffc335cb000 	C:\WINDOWS\System32\GDI32.dll
0x00007ffc32030000 - 0x00007ffc32158000 	C:\WINDOWS\System32\gdi32full.dll
0x00007ffc322f0000 - 0x00007ffc32393000 	C:\WINDOWS\System32\msvcp_win.dll
0x00007ffc00d90000 - 0x00007ffc00dae000 	C:\Program Files\Microsoft\jdk-17.0.20.101-hotspot\bin\VCRUNTIME140.dll
0x00007ffc10fe0000 - 0x00007ffc11270000 	C:\WINDOWS\WinSxS\amd64_microsoft.windows.common-controls_6595b64144ccf1df_6.0.26100.9549_none_3e0a0396e3330090\COMCTL32.dll
0x00007ffc33c40000 - 0x00007ffc33ce9000 	C:\WINDOWS\System32\msvcrt.dll
0x00007ffc33560000 - 0x00007ffc33591000 	C:\WINDOWS\System32\IMM32.DLL
0x00007ffc23d70000 - 0x00007ffc23d7c000 	C:\Program Files\Microsoft\jdk-17.0.20.101-hotspot\bin\vcruntime140_1.dll
0x00007ffbef860000 - 0x00007ffbef8e9000 	C:\Program Files\Microsoft\jdk-17.0.20.101-hotspot\bin\msvcp140.dll
0x00007ffba6880000 - 0x00007ffba74fb000 	C:\Program Files\Microsoft\jdk-17.0.20.101-hotspot\bin\server\jvm.dll
0x00007ffc33630000 - 0x00007ffc336eb000 	C:\WINDOWS\System32\ADVAPI32.dll
0x00007ffc32bc0000 - 0x00007ffc32c68000 	C:\WINDOWS\System32\sechost.dll
0x00007ffc33b20000 - 0x00007ffc33c38000 	C:\WINDOWS\System32\RPCRT4.dll
0x00007ffc34710000 - 0x00007ffc34791000 	C:\WINDOWS\System32\WS2_32.dll
0x00007ffc25df0000 - 0x00007ffc25dfb000 	C:\WINDOWS\SYSTEM32\VERSION.dll
0x00007ffc311f0000 - 0x00007ffc3124e000 	C:\WINDOWS\SYSTEM32\POWRPROF.dll
0x00007ffc1d1b0000 - 0x00007ffc1d1e7000 	C:\WINDOWS\SYSTEM32\WINMM.dll
0x00007ffc311d0000 - 0x00007ffc311e5000 	C:\WINDOWS\SYSTEM32\UMPDC.dll
0x00007ffc30650000 - 0x00007ffc3066b000 	C:\WINDOWS\SYSTEM32\kernel.appcore.dll
0x00007ffc23d40000 - 0x00007ffc23d4a000 	C:\Program Files\Microsoft\jdk-17.0.20.101-hotspot\bin\jimage.dll
0x00007ffc2ee00000 - 0x00007ffc2f04c000 	C:\WINDOWS\SYSTEM32\DBGHELP.DLL
0x00007ffc32e10000 - 0x00007ffc3319a000 	C:\WINDOWS\System32\combase.dll
0x00007ffc33210000 - 0x00007ffc332e9000 	C:\WINDOWS\System32\OLEAUT32.dll
0x00007ffc0ef20000 - 0x00007ffc0ef5b000 	C:\WINDOWS\SYSTEM32\dbgcore.DLL
0x00007ffc31eb0000 - 0x00007ffc31f5c000 	C:\WINDOWS\System32\bcryptPrimitives.dll
0x00007ffbfdeb0000 - 0x00007ffbfded6000 	C:\Program Files\Microsoft\jdk-17.0.20.101-hotspot\bin\java.dll
0x00007ffbe5f80000 - 0x00007ffbe6056000 	C:\Program Files\Microsoft\jdk-17.0.20.101-hotspot\bin\jsvml.dll
0x00007ffc33f60000 - 0x00007ffc346fc000 	C:\WINDOWS\System32\SHELL32.dll
0x00007ffc2f3e0000 - 0x00007ffc2fc8d000 	C:\WINDOWS\SYSTEM32\windows.storage.dll
0x00007ffc33a20000 - 0x00007ffc33b19000 	C:\WINDOWS\System32\SHCORE.dll
0x00007ffc331a0000 - 0x00007ffc33206000 	C:\WINDOWS\System32\shlwapi.dll
0x00007ffc318f0000 - 0x00007ffc31919000 	C:\WINDOWS\SYSTEM32\profapi.dll
0x00007ffbf9660000 - 0x00007ffbf967b000 	C:\Program Files\Microsoft\jdk-17.0.20.101-hotspot\bin\net.dll
0x00007ffc28060000 - 0x00007ffc2818a000 	C:\WINDOWS\SYSTEM32\WINHTTP.dll
0x00007ffc30c40000 - 0x00007ffc30cac000 	C:\WINDOWS\system32\mswsock.dll
0x00007ffbf9640000 - 0x00007ffbf9656000 	C:\Program Files\Microsoft\jdk-17.0.20.101-hotspot\bin\nio.dll
0x00007ffbf6710000 - 0x00007ffbf6728000 	C:\Program Files\Microsoft\jdk-17.0.20.101-hotspot\bin\zip.dll
0x00007ffc213e0000 - 0x00007ffc213f0000 	C:\Program Files\Microsoft\jdk-17.0.20.101-hotspot\bin\verify.dll

dbghelp: loaded successfully - version: 4.0.5 - missing functions: none
symbol engine: initialized successfully - sym options: 0x614 - pdb path: .;C:\Program Files\Microsoft\jdk-17.0.20.101-hotspot\bin;C:\WINDOWS\SYSTEM32;C:\WINDOWS\WinSxS\amd64_microsoft.windows.common-controls_6595b64144ccf1df_6.0.26100.9549_none_3e0a0396e3330090;C:\Program Files\Microsoft\jdk-17.0.20.101-hotspot\bin\server

VM Arguments:
java_command: org.jetbrains.kotlin.cli.jvm.K2JVMCompiler @D:\holkar science clg indore\student-mobile-app\node_modules\expo-modules-core\android\build\20261001_16462893278014355248.compiler.options
java_class_path (initial): C:\Users\aadit\.gradle\caches\modules-2\files-2.1\org.jetbrains.kotlin\kotlin-compiler-embeddable\2.1.20\4ef56b3316798316bfac7a0ae443391c9e900ea1\kotlin-compiler-embeddable-2.1.20.jar;C:\Users\aadit\.gradle\caches\modules-2\files-2.1\org.jetbrains.kotlin\kotlin-stdlib\2.1.20\aa8ca79cd50578314f6d1180c47cbe14c0fee567\kotlin-stdlib-2.1.20.jar;C:\Users\aadit\.gradle\caches\modules-2\files-2.1\org.jetbrains.kotlin\kotlin-script-runtime\2.1.20\f7c623d7f7bdb01f5ccd6b437bc0a937fcd7c57e\kotlin-script-runtime-2.1.20.jar;C:\Users\aadit\.gradle\caches\modules-2\files-2.1\org.jetbrains.kotlin\kotlin-reflect\1.6.10\1cbe9c92c12a94eea200d23c2bbaedaf3daf5132\kotlin-reflect-1.6.10.jar;C:\Users\aadit\.gradle\caches\modules-2\files-2.1\org.jetbrains.kotlin\kotlin-daemon-embeddable\2.1.20\95670fce77befd02a70a0bc3abe8ee4533521334\kotlin-daemon-embeddable-2.1.20.jar;C:\Users\aadit\.gradle\caches\modules-2\files-2.1\org.jetbrains.intellij.deps\trove4j\1.0.20200330\3afb14d5f9ceb459d724e907a21145e8ff394f02\trove4j-1.0.20200330.jar;C:\Users\aadit\.gradle\caches\modules-2\files-2.1\org.jetbrains.kotlinx\kotlinx-coroutines-core-jvm\1.8.0\ac1dc37a30a93150b704022f8d895ee1bd3a36b3\kotlinx-coroutines-core-jvm-1.8.0.jar;C:\Users\aadit\.gradle\caches\modules-2\files-2.1\org.jetbrains\annotations\13.0\919f0dfe192fb4e063e7dacadee7f8bb9a2672a9\annotations-13.0.jar
Launcher Type: SUN_STANDARD

[Global flags]
     intx CICompilerCount                          = 12                                        {product} {ergonomic}
     uint ConcGCThreads                            = 3                                         {product} {ergonomic}
     uint G1ConcRefinementThreads                  = 13                                        {product} {ergonomic}
   size_t G1HeapRegionSize                         = 2097152                                   {product} {ergonomic}
    uintx GCDrainStackTargetSize                   = 64                                        {product} {ergonomic}
   size_t InitialHeapSize                          = 264241152                                 {product} {ergonomic}
   size_t MarkStackSize                            = 4194304                                   {product} {ergonomic}
   size_t MaxHeapSize                              = 4208984064                                {product} {ergonomic}
   size_t MaxNewSize                               = 2524971008                                {product} {ergonomic}
   size_t MinHeapDeltaBytes                        = 2097152                                   {product} {ergonomic}
   size_t MinHeapSize                              = 8388608                                   {product} {ergonomic}
    uintx NonNMethodCodeHeapSize                   = 7602480                                {pd product} {ergonomic}
    uintx NonProfiledCodeHeapSize                  = 122027880                              {pd product} {ergonomic}
    uintx ProfiledCodeHeapSize                     = 122027880                              {pd product} {ergonomic}
    uintx ReservedCodeCacheSize                    = 251658240                              {pd product} {ergonomic}
     bool SegmentedCodeCache                       = true                                      {product} {ergonomic}
   size_t SoftMaxHeapSize                          = 4208984064                             {manageable} {ergonomic}
     bool UseCompressedClassPointers               = true                           {product lp64_product} {ergonomic}
     bool UseCompressedOops                        = true                           {product lp64_product} {ergonomic}
     bool UseG1GC                                  = true                                      {product} {ergonomic}
     bool UseLargePagesIndividualAllocation        = false                                  {pd product} {ergonomic}

Logging:
Log output configuration:
 #0: stdout all=warning uptime,level,tags
 #1: stderr all=off uptime,level,tags

Environment Variables:
JAVA_HOME=C:\Program Files\Microsoft\jdk-17.0.20.101-hotspot\
PATH=C:\Program Files\Microsoft\jdk-17.0.20.101-hotspot\bin;C:\Python313\Scripts\;C:\Python313\;C:\WINDOWS\system32;C:\WINDOWS;C:\WINDOWS\System32\Wbem;C:\WINDOWS\System32\WindowsPowerShell\v1.0\;C:\WINDOWS\System32\OpenSSH\;C:\ProgramData\chocolatey\bin;C:\Program Files\Git\cmd;C:\Program Files\nodejs\;C:\Users\aadit\AppData\Local\Microsoft\WindowsApps;C:\Users\aadit\AppData\Local\Programs\Microsoft VS Code\bin;C:\Users\aadit\AppData\Local\Programs\mongosh\;C:\MinGW\bin;C:\Users\aadit\AppData\Roaming\npm;C:\Users\aadit\AppData\Local\Programs\cursor\resources\app\bin;C:\Users\aadit\AppData\Local\Programs\Antigravity IDE\bin
USERNAME=aadit
OS=Windows_NT
PROCESSOR_IDENTIFIER=Intel64 Family 6 Model 154 Stepping 3, GenuineIntel
TMP=C:\Users\aadit\AppData\Local\Temp
TEMP=C:\Users\aadit\AppData\Local\Temp



Periodic native trim disabled


---------------  S Y S T E M  ---------------

OS:
 Windows 11 , 64 bit Build 26100 (10.0.26100.9549)
OS uptime: 1 days 7:54 hours
Hyper-V role detected

CPU: total 16 (initial active 16) (8 cores per cpu, 2 threads per core) family 6 model 154 stepping 3 microcode 0x432, cx8, cmov, fxsr, ht, mmx, 3dnowpref, sse, sse2, sse3, ssse3, sse4.1, sse4.2, popcnt, lzcnt, tsc, tscinvbit, avx, avx2, aes, erms, clmul, bmi1, bmi2, adx, sha, fma, vzeroupper, clflush, clflushopt, clwb, hv
Processor Information for processor 0
  Max Mhz: 2300, Current Mhz: 2300, Mhz Limit: 2300
Processor Information for processor 1
  Max Mhz: 2300, Current Mhz: 2300, Mhz Limit: 2300
Processor Information for processor 2
  Max Mhz: 2300, Current Mhz: 2300, Mhz Limit: 2300
Processor Information for processor 3
  Max Mhz: 2300, Current Mhz: 2300, Mhz Limit: 2300
Processor Information for processor 4
  Max Mhz: 2300, Current Mhz: 2300, Mhz Limit: 2300
Processor Information for processor 5
  Max Mhz: 2300, Current Mhz: 2300, Mhz Limit: 2300
Processor Information for processor 6
  Max Mhz: 2300, Current Mhz: 2300, Mhz Limit: 2300
Processor Information for processor 7
  Max Mhz: 2300, Current Mhz: 2300, Mhz Limit: 2300
Processor Information for processor 8
  Max Mhz: 2300, Current Mhz: 2300, Mhz Limit: 2300
Processor Information for processor 9
  Max Mhz: 2300, Current Mhz: 2300, Mhz Limit: 2300
Processor Information for processor 10
  Max Mhz: 2300, Current Mhz: 2300, Mhz Limit: 2300
Processor Information for processor 11
  Max Mhz: 2300, Current Mhz: 2300, Mhz Limit: 2300
Processor Information for processor 12
  Max Mhz: 2300, Current Mhz: 1500, Mhz Limit: 1679
Processor Information for processor 13
  Max Mhz: 2300, Current Mhz: 1500, Mhz Limit: 1679
Processor Information for processor 14
  Max Mhz: 2300, Current Mhz: 1500, Mhz Limit: 1679
Processor Information for processor 15
  Max Mhz: 2300, Current Mhz: 1500, Mhz Limit: 1679

Memory: 4k page, system-wide physical 16051M (339M free)
TotalPageFile size 39447M (AvailPageFile size 25M)
current process WorkingSet (physical memory assigned to process): 479M, peak: 479M
current process commit charge ("private bytes"): 701M, peak: 705M

vm_info: OpenJDK 64-Bit Server VM (17.0.20.1+1-LTS) for windows-amd64 JRE (17.0.20.1+1-LTS), built on Aug 11 2026 20:17:22 by "MicrosoftCorporation" with MS VC++ 17.14 (VS2022)

END.
